STMicroelectronics list file postprocessor v1.01   (C)2009-2023   Sun Feb 26 14:35:18 2023
Page 1  Assembler
                                               e:\vscode\asmstudy\stmasm\stm8s003\testblink\utils.asm

   1                         stm8/     
   2                         
   3                                   segment  'rom'
   4                         
   5                         .delay:   
   6                                                          ; 0x61a80 = 400000 i.e. (2*10^6 
                                                                ;MHz)/5cycles - 1секуда
   7  008080   A603                          ld       a, #$03       ;  #$06 - 1000мс, #$03 - 500мс
   8  008082   90AE1A80                      ldw      y, #$1a80     
   9                         loop:     
  10  008086   72A20001                      subw     y, #$01       ; decrement with set carry
  11  00808A   A200                          sbc      a,#0          ; decrement carry flag i.e. a = 
                                                                ;a - carry_flag
  12  00808C   26F8                          jrne     loop
  13  00808E   81                            ret      
  14                                   
  15  00808F                                 end      
STMicroelectronics list file postprocessor v1.01   (C)2009-2023   Sun Feb 26 14:35:18 2023
Page 2  Assembler
                                               e:\vscode\asmstudy\stmasm\stm8s003\testblink\utils.asm

Symbol Name                       Value     Call       Type  Scope      Rel.  Line  Privacy  Segment   Size  Bytes File

delay                                 8080         no  WORD  Internal   ABS      5  public   text         6     0  -

loop                                  8086         no  WORD  Internal   ABS      9  private  text         9     0  -


2 labels
No errors on assembly of 'e:\vscode\asmstudy\stmasm\stm8s003\testblink\utils.asm'