compile\sys.elf:08000090 t Start
compile\sys.elf:08000040 t int_vect_terminator
compile\sys.elf:00000009 a xpos
compile\sys.elf:00000002 a ypos
compile\sys.elf:08000044 t MAIN_BASE_PRN
compile\sys.elf:0800019e t ADR_TEXT1
compile\sys.elf:08000074 t MAIN_rect
compile\sys.elf:08000058 t MAIN_line_pix
compile\sys.elf:08000066 t line_pix
compile\sys.elf:080000a0 t MAIN_LOOP
compile\sys.elf:080001f9 t ADR_TEXT2
compile\sys.elf:0800016a t DELAY
compile\sys.elf:08000228 t ADR_TEXT3
compile\sys.elf:0800023c t ADR_TEXT4
compile\sys.elf:08000106 t MAIN_LINE_todown
compile\sys.elf:08000126 t MAIN_LINE_toleft
compile\sys.elf:08000178 t line_pix1
compile\sys.elf:e000edfc a DEMCR
compile\sys.elf:e0001000 a DWT_CTRL
compile\sys.elf:e0001004 a DWT_CYCCNT
compile\sys.elf:00000004 a PLL_M
compile\sys.elf:000000a8 a PLL_N
compile\sys.elf:00000002 a PLL_P
compile\sys.elf:00000007 a PLL_Q
compile\sys.elf:0000000c a timeout
compile\sys.elf:40000000 a PERIPH_BASE
compile\sys.elf:00000000 a APB1PERIPH_BASE
compile\sys.elf:00020000 a AHB1PERIPH_BASE
compile\sys.elf:00023800 a RCC_BASE
compile\sys.elf:00000000 a RCC_CR
compile\sys.elf:00010000 a RCC_CR_HSEON
compile\sys.elf:00020000 a RCC_CR_HSERDY
compile\sys.elf:01000000 a RCC_CR_PLLON
compile\sys.elf:02000000 a RCC_CR_PLLRDY
compile\sys.elf:00000040 a RCC_APB1ENR
compile\sys.elf:10000000 a RCC_APB1ENR_PWREN
compile\sys.elf:00007000 a PWR_BASE
compile\sys.elf:00000000 a PWR_CR
compile\sys.elf:00004000 a PWR_CR_VOS
compile\sys.elf:00000008 a RCC_CFGR
compile\sys.elf:00000000 a RCC_CFGR_HPRE_DIV1
compile\sys.elf:00008000 a RCC_CFGR_PPRE2_DIV2
compile\sys.elf:00001400 a RCC_CFGR_PPRE1_DIV4
compile\sys.elf:00000003 a RCC_CFGR_SW
compile\sys.elf:00000002 a RCC_CFGR_SW_PLL
compile\sys.elf:00000008 a RCC_CFGR_SWS_PLL
compile\sys.elf:00400000 a RCC_PLLCFGR_PLLSRC_HSE
compile\sys.elf:00000004 a RCC_PLLCFGR
compile\sys.elf:00023c00 a FLASH_R_BASE
compile\sys.elf:00000000 a FLASH_ACR
compile\sys.elf:00000200 a FLASH_ACR_ICEN
compile\sys.elf:00000400 a FLASH_ACR_DCEN
compile\sys.elf:00000005 a FLASH_ACR_LATENCY_5WS
compile\sys.elf:00000100 a FLASH_ACR_PRFTEN
compile\sys.elf:07402a04 a RCC_PLLCFGR_val
compile\sys.elf:08000306 t TST_BIT
compile\sys.elf:08000316 t exit
compile\sys.elf:0800030a t TST_ready
compile\sys.elf:e000ed00 a SCB_BASE
compile\sys.elf:00000020 a SHPR3
compile\sys.elf:e000e010 a SYSTICK_BASE
compile\sys.elf:00000000 a STK_CTRL
compile\sys.elf:00000004 a STK_LOAD
compile\sys.elf:00000008 a STK_VAL
compile\sys.elf:00000004 a STK_CTRL_CLKSOURSE
compile\sys.elf:00000002 a STK_CTRL_TICKINT
compile\sys.elf:00000001 a STK_CTRL_ENABLE
compile\sys.elf:20000000 b SYSTICK_COUNTER
compile\sys.elf:0800036c t DELAY_LOOP
compile\sys.elf:00000001 a LCD_PARAM_pixel_present
compile\sys.elf:00000054 a LCD_PARAM_size_px
compile\sys.elf:00000030 a LCD_PARAM_size_py
compile\sys.elf:00000001 a LCD_PARAM_char_present
compile\sys.elf:00000007 a LCD_PARAM_char_stepx
compile\sys.elf:00000008 a LCD_PARAM_char_stepy
compile\sys.elf:0800038e t LCD_PUTSTR_loop
compile\sys.elf:080003c4 t LCD_PUTSTR_exit
compile\sys.elf:080003ac t LCD_PUTSTR_char
compile\sys.elf:080003d0 t LCD_PUTHEX_loop
compile\sys.elf:08000418 t LCD_LINE_dx_s1
compile\sys.elf:08000432 t LCD_LINE_dy_s2
compile\sys.elf:0800044c t LCD_LINE_LOOP
compile\sys.elf:08000450 t LCD_LINE_WHILE
compile\sys.elf:08000462 t LCD_LINE_WHILE_END
compile\sys.elf:080004a8 t LCD_DEC_loop
compile\sys.elf:080004ea t LCD_DEC_null
compile\sys.elf:08000502 t LCD_DEC_prn
compile\sys.elf:0800051c t LCD_DEC_exit
compile\sys.elf:0000000b a pCS
compile\sys.elf:0000000c a pDC
compile\sys.elf:0000000e a pRST
compile\sys.elf:0000000f a pMOSI
compile\sys.elf:0000000d a pSCK
compile\sys.elf:40000000 a PERIPH_BASE
compile\sys.elf:42000000 a PERIPH_BB_BASE
compile\sys.elf:00020000 a AHB1PERIPH_BASE
compile\sys.elf:00000000 a APB1PERIPH_BASE
compile\sys.elf:00023800 a RCC_BASE
compile\sys.elf:00000030 a RCC_AHB1ENR
compile\sys.elf:00000001 a RCC_AHB1ENR_GPIOBEN_N
compile\sys.elf:00000040 a RCC_APB1ENR
compile\sys.elf:0000000e a RCC_APB1ENR_SPI2EN_N
compile\sys.elf:00020400 a GPIOB_BASE
compile\sys.elf:00000024 a GPIO_AFRH
compile\sys.elf:00000001 a GPIO_MODER_MODER_GENERAL_OUT
compile\sys.elf:00000002 a GPIO_MODER_MODER_ALT_MODE
compile\sys.elf:00000000 a GPIO_MODER
compile\sys.elf:00000008 a GPIO_OSPEEDR
compile\sys.elf:00000003 a GPIO_OSPEEDER_VH
compile\sys.elf:00003800 a SPI2_BASE
compile\sys.elf:00000000 a SPI_CR1
compile\sys.elf:00000002 a SPI_SR_TXE
compile\sys.elf:00000080 a SPI_SR_BSY
compile\sys.elf:00000014 a GPIO_ODR
compile\sys.elf:00004000 a SPI_CR1_BIDIOE
compile\sys.elf:00008000 a SPI_CR1_BIDIMODE
compile\sys.elf:00000100 a SPI_CR1_SSI
compile\sys.elf:00000200 a SPI_CR1_SSM
compile\sys.elf:00000040 a SPI_CR1_SPE
compile\sys.elf:00000004 a SPI_CR1_MSTR
compile\sys.elf:00000000 a SPI_BaudRatePrescaler_2
compile\sys.elf:00000008 a SPI_SR
compile\sys.elf:0000000c a SPI_DR
compile\sys.elf:80000000 a moderMOSI
compile\sys.elf:08000000 a moderSCK
compile\sys.elf:00400000 a moderCS
compile\sys.elf:01000000 a moderDC
compile\sys.elf:10000000 a moderRST
compile\sys.elf:c0000000 a ospMOSI
compile\sys.elf:0c000000 a ospSCK
compile\sys.elf:03000000 a ospDC
compile\sys.elf:30000000 a ospRST
compile\sys.elf:00c00000 a ospCS
compile\sys.elf:0000c000 a spi_dir
compile\sys.elf:00000104 a spi_mode_master
compile\sys.elf:00000240 a spi_nss
compile\sys.elf:00000000 a spi_brpresc
compile\sys.elf:080005de t LCD_CS0
compile\sys.elf:080005ee t LCD_DC0
compile\sys.elf:080005fe t LCD_RST0
compile\sys.elf:08000606 t LCD_RST1
compile\sys.elf:080005c0 t LCD_SENDDATA
compile\sys.elf:080005d0 t SPI2_WAIT_BSY
compile\sys.elf:080005e6 t LCD_CS1
compile\sys.elf:080005c4 t spi2_txe_wait
compile\sys.elf:080005d4 t spi2_bsy_wait
compile\sys.elf:080005f6 t LCD_DC1
compile\sys.elf:20000010 b LCD_BUFF
compile\sys.elf:0800061a t LCD_CLEAR_loop
compile\sys.elf:08000656 t LCD_REFRESH_loop
compile\sys.elf:080006a6 t LCD_PIXEL_exit
compile\sys.elf:080006b0 t LCD_LAT_CHARS
compile\sys.elf:08000840 t LCD_RUS_CHARS
compile\sys.elf:080009e8 t LCD_CHAR_exit
compile\sys.elf:08000930 t LCD_CHAR_noleftline
compile\sys.elf:08000922 t LCD_CHAR_leftline
compile\sys.elf:08000954 t LCD_CHAR_loop
compile\sys.elf:0800097c t LCD_CHAR_noinv
compile\sys.elf:080009d8 t LCD_CHAR_loop_end
compile\sys.elf:080003fc T LCD_LINE
compile\sys.elf:08000520 T LCD_INIT
compile\sys.elf:08000900 T LCD_CHAR
compile\sys.elf:08000362 T SYSTICK_DELAY
compile\sys.elf:08000272 T DWT_GETCOUNTER
compile\sys.elf:0800060e T LCD_CLEAR
compile\sys.elf:0800038c T LCD_PUTSTR
compile\sys.elf:08000338 T ISR_SYSTICK
compile\sys.elf:08000258 T DWT_START
compile\sys.elf:080003c6 T LCD_PUTHEX
compile\sys.elf:08000478 T LCD_RECT
compile\sys.elf:08000626 T LCD_REFRESH
compile\sys.elf:0800066c T LCD_PIXEL
compile\sys.elf:0800034a T SYSTICK_START
compile\sys.elf:080004a0 T LCD_PUTDEC
compile\sys.elf:08000284 T SYSCLK168_START
